235bv12corner_per_token_load_weighted_rlc0.05_aux0.001 2500 avg=73.7
235bv12corner_per_token_load_weighted_rlc0.05_aux0.001 2441 avg=73.7
235bv5b_rlc0.5_g0_mean_ppo_gumbel_t0.3_r01 2264 avg=73.85
235bv5b_rlc0.5_g0_mean_ppo_gumbel_t0.3_r01 2000 avg=73.85
235bv5b_rlc0.5_g0_mean_ppo_kl0.0001_r05 1723 avg=74.65
235bv5b_rlc0.5_g0_mean_ppo_kl0.0001_r05 1500 avg=74.65
235bv12corner_rlc0.05_aux0.001 1500 avg=75.65
235bv12corner_rlc0.05_aux0.001 1000 avg=75.65
235bv5b_rlc0.5_aux0.001_basecritic_r71 2690 avg=74.86
235bv5b_rlc1.0_aux0.005_rwdentropy_r33 2392 avg=74.86
235bv5b_rlc1.0_aux0.005_basemean_r72 3000 avg=74.25
235bv5b_rlc1.0_aux0.005_basemean_r72 1736 avg=74.25
235bv16cgr_rlc0.1_aux0.001_basecritic_g0.3_r1 2500 avg=75.5
235bv16cgr_rlc0.1_aux0.001_basecritic_g0.3_r1 2873 avg=75.5
235bv16cgr_rlc0.1_aux0.001_basecritic_g0.5_r1 1835 avg=75.43
235bv16cgr_rlc0.1_aux0.001_basecritic_g0.5_r1 2000 avg=75.43
235bv18s_norl_aux0.001_seed2027_r1 1500 avg=75.26
235bv18s_norl_aux0.001_seed2027_r1 3000 avg=75.26
235bv18s_norl_aux0.02_seed2027_r1 3000 avg=73.4
235bv18s_norl_aux0.02_seed2027_r1 2500 avg=73.4
